2026-07-27 01:59:07,251 - INFO - [KafkaStreamingProducer] - Starting real-time streaming for seller_catalog to Kafka Topic: ecomm_seller_catalog
2026-07-27 04:16:46,183 - INFO - [KafkaStreamingProducer] - Starting real-time streaming for seller_catalog to Kafka Topic: ecomm_seller_catalog
2026-07-27 04:23:40,737 - INFO - [KafkaStreamingProducer] - Starting real-time streaming for seller_catalog to Kafka Topic: ecomm_seller_catalog
2026-07-27 04:29:33,393 - INFO - [KafkaStreamingProducer] - Starting real-time streaming for seller_catalog to Kafka Topic: ecomm_seller_catalog
2026-07-27 23:47:50,220 - INFO - [SellerCatalogPipeline] - Ingesting raw landing CSV to Bronze Layer Parquet format...
2026-07-27 23:49:12,119 - INFO - [SellerCatalogPipeline] - Upserting records to Silver Hudi Table: /home/cloud/ecommerce_seller_recommendation/silver/seller_catalog_hudi/
2026-07-28 00:27:54,840 - INFO - [CompanySalesPipeline] - Ingesting raw landing CSV to Bronze Layer Parquet format...
2026-07-28 00:28:51,732 - INFO - [CompanySalesPipeline] - Upserting records to Silver Hudi Table: /home/cloud/ecommerce_seller_recommendation/silver/company_sales_hudi/
2026-07-28 02:27:55,854 - INFO - [CompetitorSalesPipeline] - Ingesting raw landing CSV to Bronze Layer Parquet format...
2026-07-28 02:28:45,139 - INFO - [CompetitorSalesPipeline] - Upserting records to Silver Hudi Table: /home/cloud/ecommerce_seller_recommendation/silver/competitor_sales_hudi/
2026-07-28 03:33:15,499 - INFO - [GoldRecommendationEngine] - Loading Silver Hudi database layers into the engine...
2026-07-28 03:50:26,410 - INFO - [GoldRecommendationEngine] - Loading Silver Hudi database layers into the engine...
2026-07-28 03:59:35,572 - INFO - [GoldRecommendationEngine] - Loading Silver Hudi database layers into the engine...
2026-07-28 08:21:04,625 - INFO - [GoldRecommendationEngine] - Loading Silver Data Blocks directly via Parquet reader...
2026-07-28 08:32:07,164 - INFO - [GoldRecommendationEngine] - Loading Silver Data Blocks directly via Parquet reader...
2026-07-28 08:42:19,606 - INFO - [GoldRecommendationEngine] - Initializing Spark Context for native Parquet Extraction...
2026-07-28 08:42:27,634 - INFO - [GoldRecommendationEngine] - Extracting raw data blocks from Silver folder directories using safe configurations...
2026-07-28 08:42:29,768 - ERROR - [GoldRecommendationEngine] - Fatal processing failure triggered within analytics engine loop: An error occurred while calling o40.load.
: java.lang.AssertionError: assertion failed: Conflicting directory structures detected. Suspicious paths:
	file:/home/cloud/ecommerce_seller_recommendation/silver/seller_catalog_hudi
	file:/home/cloud/ecommerce_seller_recommendation/silver/seller_catalog_hudi/.hoodie
	file:/home/cloud/ecommerce_seller_recommendation/silver/seller_catalog_hudi/.hoodie/metadata/files

If provided paths are partition directories, please set "basePath" in the options of the data source to specify the root directory of the table. If there are multiple root directories, please load them separately and then union them.
	at scala.Predef$.assert(Predef.scala:223)
	at org.apache.spark.sql.execution.datasources.PartitioningUtils$.parsePartitions(PartitioningUtils.scala:178)
	at org.apache.spark.sql.execution.datasources.PartitioningUtils$.parsePartitions(PartitioningUtils.scala:110)
	at org.apache.spark.sql.execution.datasources.PartitioningAwareFileIndex.inferPartitioning(PartitioningAwareFileIndex.scala:201)
	at org.apache.spark.sql.execution.datasources.InMemoryFileIndex.partitionSpec(InMemoryFileIndex.scala:75)
	at org.apache.spark.sql.execution.datasources.PartitioningAwareFileIndex.partitionSchema(PartitioningAwareFileIndex.scala:51)
	at org.apache.spark.sql.execution.datasources.DataSource.getOrInferFileFormatSchema(DataSource.scala:167)
	at org.apache.spark.sql.execution.datasources.DataSource.resolveRelation(DataSource.scala:407)
	at org.apache.spark.sql.DataFrameReader.loadV1Source(DataFrameReader.scala:229)
	at org.apache.spark.sql.DataFrameReader.$anonfun$load$2(DataFrameReader.scala:211)
	at scala.Option.getOrElse(Option.scala:189)
	at org.apache.spark.sql.DataFrameReader.load(DataFrameReader.scala:211)
	at org.apache.spark.sql.DataFrameReader.load(DataFrameReader.scala:186)
	at java.base/jdk.internal.reflect.NativeMethodAccessorImpl.invoke0(Native Method)
	at java.base/jdk.internal.reflect.NativeMethodAccessorImpl.invoke(NativeMethodAccessorImpl.java:62)
	at java.base/jdk.internal.reflect.DelegatingMethodAccessorImpl.invoke(DelegatingMethodAccessorImpl.java:43)
	at java.base/java.lang.reflect.Method.invoke(Method.java:566)
	at py4j.reflection.MethodInvoker.invoke(MethodInvoker.java:244)
	at py4j.reflection.ReflectionEngine.invoke(ReflectionEngine.java:374)
	at py4j.Gateway.invoke(Gateway.java:282)
	at py4j.commands.AbstractCommand.invokeMethod(AbstractCommand.java:132)
	at py4j.commands.CallCommand.execute(CallCommand.java:79)
	at py4j.ClientServerConnection.waitForCommands(ClientServerConnection.java:182)
	at py4j.ClientServerConnection.run(ClientServerConnection.java:106)
	at java.base/java.lang.Thread.run(Thread.java:829)

2026-07-28 08:54:04,192 - INFO - [GoldRecommendationEngine] - Initializing high-availability Spark context...
2026-07-28 08:54:12,372 - INFO - [GoldRecommendationEngine] - Extracting transactional parquet layers...
2026-07-28 08:54:17,759 - ERROR - [GoldRecommendationEngine] - Fatal operation processing failure inside evaluation loop: An error occurred while calling o38.parquet.
: org.apache.spark.SparkException: Job aborted due to stage failure: Task 0 in stage 0.0 failed 1 times, most recent failure: Lost task 0.0 in stage 0.0 (TID 0) (2025em1200153 executor driver): org.apache.spark.SparkException: Exception thrown in awaitResult: 
	at org.apache.spark.util.SparkThreadUtils$.awaitResult(SparkThreadUtils.scala:56)
	at org.apache.spark.util.ThreadUtils$.awaitResult(ThreadUtils.scala:310)
	at org.apache.spark.util.ThreadUtils$.parmap(ThreadUtils.scala:383)
	at org.apache.spark.sql.execution.datasources.parquet.ParquetFileFormat$.readParquetFootersInParallel(ParquetFileFormat.scala:443)
	at org.apache.spark.sql.execution.datasources.parquet.ParquetFileFormat$.$anonfun$mergeSchemasInParallel$1(ParquetFileFormat.scala:493)
	at org.apache.spark.sql.execution.datasources.parquet.ParquetFileFormat$.$anonfun$mergeSchemasInParallel$1$adapted(ParquetFileFormat.scala:485)
	at org.apache.spark.sql.execution.datasources.SchemaMergeUtils$.$anonfun$mergeSchemasInParallel$2(SchemaMergeUtils.scala:79)
	at org.apache.spark.rdd.RDD.$anonfun$mapPartitions$2(RDD.scala:855)
	at org.apache.spark.rdd.RDD.$anonfun$mapPartitions$2$adapted(RDD.scala:855)
	at org.apache.spark.rdd.MapPartitionsRDD.compute(MapPartitionsRDD.scala:52)
	at org.apache.spark.rdd.RDD.computeOrReadCheckpoint(RDD.scala:364)
	at org.apache.spark.rdd.RDD.iterator(RDD.scala:328)
	at org.apache.spark.scheduler.ResultTask.runTask(ResultTask.scala:93)
	at org.apache.spark.TaskContext.runTaskWithListeners(TaskContext.scala:161)
	at org.apache.spark.scheduler.Task.run(Task.scala:141)
	at org.apache.spark.executor.Executor$TaskRunner.$anonfun$run$4(Executor.scala:620)
	at org.apache.spark.util.SparkErrorUtils.tryWithSafeFinally(SparkErrorUtils.scala:64)
	at org.apache.spark.util.SparkErrorUtils.tryWithSafeFinally$(SparkErrorUtils.scala:61)
	at org.apache.spark.util.Utils$.tryWithSafeFinally(Utils.scala:94)
	at org.apache.spark.executor.Executor$TaskRunner.run(Executor.scala:623)
	at java.base/java.util.concurrent.ThreadPoolExecutor.runWorker(ThreadPoolExecutor.java:1128)
	at java.base/java.util.concurrent.ThreadPoolExecutor$Worker.run(ThreadPoolExecutor.java:628)
	at java.base/java.lang.Thread.run(Thread.java:829)
Caused by: org.apache.spark.SparkException: [CANNOT_READ_FILE_FOOTER] Could not read footer for file: file:/home/cloud/ecommerce_seller_recommendation/silver/seller_catalog_hudi/.hoodie/20260727234912619.commit.requested. Please ensure that the file is in either ORC or Parquet format. If not, please convert it to a valid format. If the file is in the valid format, please check if it is corrupt. If it is, you can choose to either ignore it or fix the corruption.
	at org.apache.spark.sql.errors.QueryExecutionErrors$.cannotReadFooterForFileError(QueryExecutionErrors.scala:1056)
	at org.apache.spark.sql.execution.datasources.parquet.ParquetFileFormat$.$anonfun$readParquetFootersInParallel$1(ParquetFileFormat.scala:456)
	at org.apache.spark.util.ThreadUtils$.$anonfun$parmap$2(ThreadUtils.scala:380)
	at scala.concurrent.Future$.$anonfun$apply$1(Future.scala:659)
	at scala.util.Success.$anonfun$map$1(Try.scala:255)
	at scala.util.Success.map(Try.scala:213)
	at scala.concurrent.Future.$anonfun$map$1(Future.scala:292)
	at scala.concurrent.impl.Promise.liftedTree1$1(Promise.scala:33)
	at scala.concurrent.impl.Promise.$anonfun$transform$1(Promise.scala:33)
	at scala.concurrent.impl.CallbackRunnable.run(Promise.scala:64)
	at java.base/java.util.concurrent.ForkJoinTask$RunnableExecuteAction.exec(ForkJoinTask.java:1426)
	at java.base/java.util.concurrent.ForkJoinTask.doExec(ForkJoinTask.java:290)
	at java.base/java.util.concurrent.ForkJoinPool$WorkQueue.topLevelExec(ForkJoinPool.java:1020)
	at java.base/java.util.concurrent.ForkJoinPool.scan(ForkJoinPool.java:1656)
	at java.base/java.util.concurrent.ForkJoinPool.runWorker(ForkJoinPool.java:1594)
	at java.base/java.util.concurrent.ForkJoinWorkerThread.run(ForkJoinWorkerThread.java:183)
Caused by: java.lang.RuntimeException: file:/home/cloud/ecommerce_seller_recommendation/silver/seller_catalog_hudi/.hoodie/20260727234912619.commit.requested is not a Parquet file (length is too low: 0)
	at org.apache.parquet.hadoop.ParquetFileReader.readFooter(ParquetFileReader.java:548)
	at org.apache.parquet.hadoop.ParquetFileReader.<init>(ParquetFileReader.java:799)
	at org.apache.parquet.hadoop.ParquetFileReader.open(ParquetFileReader.java:666)
	at org.apache.spark.sql.execution.datasources.parquet.ParquetFooterReader.readFooter(ParquetFooterReader.java:85)
	at org.apache.spark.sql.execution.datasources.parquet.ParquetFooterReader.readFooter(ParquetFooterReader.java:76)
	at org.apache.spark.sql.execution.datasources.parquet.ParquetFileFormat$.$anonfun$readParquetFootersInParallel$1(ParquetFileFormat.scala:450)
	... 14 more

Driver stacktrace:
	at org.apache.spark.scheduler.DAGScheduler.failJobAndIndependentStages(DAGScheduler.scala:2844)
	at org.apache.spark.scheduler.DAGScheduler.$anonfun$abortStage$2(DAGScheduler.scala:2780)
	at org.apache.spark.scheduler.DAGScheduler.$anonfun$abortStage$2$adapted(DAGScheduler.scala:2779)
	at scala.collection.mutable.ResizableArray.foreach(ResizableArray.scala:62)
	at scala.collection.mutable.ResizableArray.foreach$(ResizableArray.scala:55)
	at scala.collection.mutable.ArrayBuffer.foreach(ArrayBuffer.scala:49)
	at org.apache.spark.scheduler.DAGScheduler.abortStage(DAGScheduler.scala:2779)
	at org.apache.spark.scheduler.DAGScheduler.$anonfun$handleTaskSetFailed$1(DAGScheduler.scala:1242)
	at org.apache.spark.scheduler.DAGScheduler.$anonfun$handleTaskSetFailed$1$adapted(DAGScheduler.scala:1242)
	at scala.Option.foreach(Option.scala:407)
	at org.apache.spark.scheduler.DAGScheduler.handleTaskSetFailed(DAGScheduler.scala:1242)
	at org.apache.spark.scheduler.DAGSchedulerEventProcessLoop.doOnReceive(DAGScheduler.scala:3048)
	at org.apache.spark.scheduler.DAGSchedulerEventProcessLoop.onReceive(DAGScheduler.scala:2982)
	at org.apache.spark.scheduler.DAGSchedulerEventProcessLoop.onReceive(DAGScheduler.scala:2971)
	at org.apache.spark.util.EventLoop$$anon$1.run(EventLoop.scala:49)
	at org.apache.spark.scheduler.DAGScheduler.runJob(DAGScheduler.scala:984)
	at org.apache.spark.SparkContext.runJob(SparkContext.scala:2398)
	at org.apache.spark.SparkContext.runJob(SparkContext.scala:2419)
	at org.apache.spark.SparkContext.runJob(SparkContext.scala:2438)
	at org.apache.spark.SparkContext.runJob(SparkContext.scala:2463)
	at org.apache.spark.rdd.RDD.$anonfun$collect$1(RDD.scala:1046)
	at org.apache.spark.rdd.RDDOperationScope$.withScope(RDDOperationScope.scala:151)
	at org.apache.spark.rdd.RDDOperationScope$.withScope(RDDOperationScope.scala:112)
	at org.apache.spark.rdd.RDD.withScope(RDD.scala:407)
	at org.apache.spark.rdd.RDD.collect(RDD.scala:1045)
	at org.apache.spark.sql.execution.datasources.SchemaMergeUtils$.mergeSchemasInParallel(SchemaMergeUtils.scala:73)
	at org.apache.spark.sql.execution.datasources.parquet.ParquetFileFormat$.mergeSchemasInParallel(ParquetFileFormat.scala:497)
	at org.apache.spark.sql.execution.datasources.parquet.ParquetUtils$.inferSchema(ParquetUtils.scala:132)
	at org.apache.spark.sql.execution.datasources.parquet.ParquetFileFormat.inferSchema(ParquetFileFormat.scala:79)
	at org.apache.spark.sql.execution.datasources.DataSource.$anonfun$getOrInferFileFormatSchema$11(DataSource.scala:208)
	at scala.Option.orElse(Option.scala:447)
	at org.apache.spark.sql.execution.datasources.DataSource.getOrInferFileFormatSchema(DataSource.scala:205)
	at org.apache.spark.sql.execution.datasources.DataSource.resolveRelation(DataSource.scala:407)
	at org.apache.spark.sql.DataFrameReader.loadV1Source(DataFrameReader.scala:229)
	at org.apache.spark.sql.DataFrameReader.$anonfun$load$2(DataFrameReader.scala:211)
	at scala.Option.getOrElse(Option.scala:189)
	at org.apache.spark.sql.DataFrameReader.load(DataFrameReader.scala:211)
	at org.apache.spark.sql.DataFrameReader.parquet(DataFrameReader.scala:563)
	at java.base/jdk.internal.reflect.NativeMethodAccessorImpl.invoke0(Native Method)
	at java.base/jdk.internal.reflect.NativeMethodAccessorImpl.invoke(NativeMethodAccessorImpl.java:62)
	at java.base/jdk.internal.reflect.DelegatingMethodAccessorImpl.invoke(DelegatingMethodAccessorImpl.java:43)
	at java.base/java.lang.reflect.Method.invoke(Method.java:566)
	at py4j.reflection.MethodInvoker.invoke(MethodInvoker.java:244)
	at py4j.reflection.ReflectionEngine.invoke(ReflectionEngine.java:374)
	at py4j.Gateway.invoke(Gateway.java:282)
	at py4j.commands.AbstractCommand.invokeMethod(AbstractCommand.java:132)
	at py4j.commands.CallCommand.execute(CallCommand.java:79)
	at py4j.ClientServerConnection.waitForCommands(ClientServerConnection.java:182)
	at py4j.ClientServerConnection.run(ClientServerConnection.java:106)
	at java.base/java.lang.Thread.run(Thread.java:829)
Caused by: org.apache.spark.SparkException: Exception thrown in awaitResult: 
	at org.apache.spark.util.SparkThreadUtils$.awaitResult(SparkThreadUtils.scala:56)
	at org.apache.spark.util.ThreadUtils$.awaitResult(ThreadUtils.scala:310)
	at org.apache.spark.util.ThreadUtils$.parmap(ThreadUtils.scala:383)
	at org.apache.spark.sql.execution.datasources.parquet.ParquetFileFormat$.readParquetFootersInParallel(ParquetFileFormat.scala:443)
	at org.apache.spark.sql.execution.datasources.parquet.ParquetFileFormat$.$anonfun$mergeSchemasInParallel$1(ParquetFileFormat.scala:493)
	at org.apache.spark.sql.execution.datasources.parquet.ParquetFileFormat$.$anonfun$mergeSchemasInParallel$1$adapted(ParquetFileFormat.scala:485)
	at org.apache.spark.sql.execution.datasources.SchemaMergeUtils$.$anonfun$mergeSchemasInParallel$2(SchemaMergeUtils.scala:79)
	at org.apache.spark.rdd.RDD.$anonfun$mapPartitions$2(RDD.scala:855)
	at org.apache.spark.rdd.RDD.$anonfun$mapPartitions$2$adapted(RDD.scala:855)
	at org.apache.spark.rdd.MapPartitionsRDD.compute(MapPartitionsRDD.scala:52)
	at org.apache.spark.rdd.RDD.computeOrReadCheckpoint(RDD.scala:364)
	at org.apache.spark.rdd.RDD.iterator(RDD.scala:328)
	at org.apache.spark.scheduler.ResultTask.runTask(ResultTask.scala:93)
	at org.apache.spark.TaskContext.runTaskWithListeners(TaskContext.scala:161)
	at org.apache.spark.scheduler.Task.run(Task.scala:141)
	at org.apache.spark.executor.Executor$TaskRunner.$anonfun$run$4(Executor.scala:620)
	at org.apache.spark.util.SparkErrorUtils.tryWithSafeFinally(SparkErrorUtils.scala:64)
	at org.apache.spark.util.SparkErrorUtils.tryWithSafeFinally$(SparkErrorUtils.scala:61)
	at org.apache.spark.util.Utils$.tryWithSafeFinally(Utils.scala:94)
	at org.apache.spark.executor.Executor$TaskRunner.run(Executor.scala:623)
	at java.base/java.util.concurrent.ThreadPoolExecutor.runWorker(ThreadPoolExecutor.java:1128)
	at java.base/java.util.concurrent.ThreadPoolExecutor$Worker.run(ThreadPoolExecutor.java:628)
	... 1 more
Caused by: org.apache.spark.SparkException: [CANNOT_READ_FILE_FOOTER] Could not read footer for file: file:/home/cloud/ecommerce_seller_recommendation/silver/seller_catalog_hudi/.hoodie/20260727234912619.commit.requested. Please ensure that the file is in either ORC or Parquet format. If not, please convert it to a valid format. If the file is in the valid format, please check if it is corrupt. If it is, you can choose to either ignore it or fix the corruption.
	at org.apache.spark.sql.errors.QueryExecutionErrors$.cannotReadFooterForFileError(QueryExecutionErrors.scala:1056)
	at org.apache.spark.sql.execution.datasources.parquet.ParquetFileFormat$.$anonfun$readParquetFootersInParallel$1(ParquetFileFormat.scala:456)
	at org.apache.spark.util.ThreadUtils$.$anonfun$parmap$2(ThreadUtils.scala:380)
	at scala.concurrent.Future$.$anonfun$apply$1(Future.scala:659)
	at scala.util.Success.$anonfun$map$1(Try.scala:255)
	at scala.util.Success.map(Try.scala:213)
	at scala.concurrent.Future.$anonfun$map$1(Future.scala:292)
	at scala.concurrent.impl.Promise.liftedTree1$1(Promise.scala:33)
	at scala.concurrent.impl.Promise.$anonfun$transform$1(Promise.scala:33)
	at scala.concurrent.impl.CallbackRunnable.run(Promise.scala:64)
	at java.base/java.util.concurrent.ForkJoinTask$RunnableExecuteAction.exec(ForkJoinTask.java:1426)
	at java.base/java.util.concurrent.ForkJoinTask.doExec(ForkJoinTask.java:290)
	at java.base/java.util.concurrent.ForkJoinPool$WorkQueue.topLevelExec(ForkJoinPool.java:1020)
	at java.base/java.util.concurrent.ForkJoinPool.scan(ForkJoinPool.java:1656)
	at java.base/java.util.concurrent.ForkJoinPool.runWorker(ForkJoinPool.java:1594)
	at java.base/java.util.concurrent.ForkJoinWorkerThread.run(ForkJoinWorkerThread.java:183)
Caused by: java.lang.RuntimeException: file:/home/cloud/ecommerce_seller_recommendation/silver/seller_catalog_hudi/.hoodie/20260727234912619.commit.requested is not a Parquet file (length is too low: 0)
	at org.apache.parquet.hadoop.ParquetFileReader.readFooter(ParquetFileReader.java:548)
	at org.apache.parquet.hadoop.ParquetFileReader.<init>(ParquetFileReader.java:799)
	at org.apache.parquet.hadoop.ParquetFileReader.open(ParquetFileReader.java:666)
	at org.apache.spark.sql.execution.datasources.parquet.ParquetFooterReader.readFooter(ParquetFooterReader.java:85)
	at org.apache.spark.sql.execution.datasources.parquet.ParquetFooterReader.readFooter(ParquetFooterReader.java:76)
	at org.apache.spark.sql.execution.datasources.parquet.ParquetFileFormat$.$anonfun$readParquetFootersInParallel$1(ParquetFileFormat.scala:450)
	... 14 more

2026-07-28 08:57:22,720 - INFO - [GoldRecommendationEngine] - Initializing high-availability Spark context...
2026-07-28 08:57:29,969 - INFO - [GoldRecommendationEngine] - Extracting transactional parquet layers...
2026-07-28 08:58:20,287 - ERROR - [GoldRecommendationEngine] - Fatal operation processing failure inside evaluation loop: [AMBIGUOUS_REFERENCE] Reference `category` is ambiguous, could be: [`category`, `category`].
2026-07-28 09:01:52,296 - INFO - [GoldRecommendationEngine] - Initializing high-availability Spark context...
2026-07-28 09:02:01,525 - INFO - [GoldRecommendationEngine] - Extracting transactional parquet layers using clean recursive lookup configuration...
2026-07-28 09:02:46,419 - ERROR - [GoldRecommendationEngine] - Fatal processing failure inside calculation loop: [AMBIGUOUS_REFERENCE] Reference `category` is ambiguous, could be: [`category`, `category`].
2026-07-28 09:08:27,471 - INFO - [GoldRecommendationEngine] - Initializing high-availability Spark context...
2026-07-28 09:08:36,377 - INFO - [GoldRecommendationEngine] - Extracting transactional parquet layers using clean recursive lookup configuration...
2026-07-28 09:09:20,136 - ERROR - [GoldRecommendationEngine] - Fatal processing failure inside calculation loop: [AMBIGUOUS_REFERENCE] Reference `category` is ambiguous, could be: [`category`, `category`].
2026-07-28 09:18:14,814 - INFO - [GoldRecommendationEngine] - Initializing high-availability Spark context...
2026-07-28 09:18:23,179 - INFO - [GoldRecommendationEngine] - Extracting transactional parquet layers using clean recursive lookup configuration...
2026-07-28 09:19:09,392 - ERROR - [GoldRecommendationEngine] - Fatal processing failure inside calculation loop: [AMBIGUOUS_REFERENCE] Reference `category` is ambiguous, could be: [`category`, `category`].
2026-07-28 09:34:54,770 - INFO - [GoldRecommendationEngine] - Initializing high-availability Spark context...
2026-07-28 09:35:03,788 - INFO - [GoldRecommendationEngine] - Extracting transactional parquet layers using recursive path discovery...
2026-07-28 09:35:50,506 - INFO - [GoldRecommendationEngine] - Gap check row tracking identification count: 3000
2026-07-28 09:35:51,665 - ERROR - [GoldRecommendationEngine] - Fatal processing failure inside calculation loop: [AMBIGUOUS_REFERENCE] Reference `category` is ambiguous, could be: [`category`, `category`].
2026-07-28 09:40:05,729 - INFO - [GoldRecommendationEngine] - Initializing high-availability Spark context...
2026-07-28 09:40:14,318 - INFO - [GoldRecommendationEngine] - Extracting transactional parquet layers using recursive path discovery...
2026-07-28 09:40:25,433 - ERROR - [GoldRecommendationEngine] - Fatal processing failure inside calculation loop: name 'Window' is not defined
2026-07-28 09:44:35,197 - INFO - [GoldRecommendationEngine] - Initializing high-availability Spark context...
2026-07-28 09:44:42,636 - INFO - [GoldRecommendationEngine] - Extracting transactional parquet layers using direct folder partitions...
2026-07-28 09:44:47,755 - ERROR - [GoldRecommendationEngine] - Fatal processing failure inside calculation loop: An error occurred while calling o39.load.
: org.apache.spark.SparkException: Job aborted due to stage failure: Task 0 in stage 0.0 failed 1 times, most recent failure: Lost task 0.0 in stage 0.0 (TID 0) (2025em1200153 executor driver): org.apache.spark.SparkException: Exception thrown in awaitResult: 
	at org.apache.spark.util.SparkThreadUtils$.awaitResult(SparkThreadUtils.scala:56)
	at org.apache.spark.util.ThreadUtils$.awaitResult(ThreadUtils.scala:310)
	at org.apache.spark.util.ThreadUtils$.parmap(ThreadUtils.scala:383)
	at org.apache.spark.sql.execution.datasources.parquet.ParquetFileFormat$.readParquetFootersInParallel(ParquetFileFormat.scala:443)
	at org.apache.spark.sql.execution.datasources.parquet.ParquetFileFormat$.$anonfun$mergeSchemasInParallel$1(ParquetFileFormat.scala:493)
	at org.apache.spark.sql.execution.datasources.parquet.ParquetFileFormat$.$anonfun$mergeSchemasInParallel$1$adapted(ParquetFileFormat.scala:485)
	at org.apache.spark.sql.execution.datasources.SchemaMergeUtils$.$anonfun$mergeSchemasInParallel$2(SchemaMergeUtils.scala:79)
	at org.apache.spark.rdd.RDD.$anonfun$mapPartitions$2(RDD.scala:855)
	at org.apache.spark.rdd.RDD.$anonfun$mapPartitions$2$adapted(RDD.scala:855)
	at org.apache.spark.rdd.MapPartitionsRDD.compute(MapPartitionsRDD.scala:52)
	at org.apache.spark.rdd.RDD.computeOrReadCheckpoint(RDD.scala:364)
	at org.apache.spark.rdd.RDD.iterator(RDD.scala:328)
	at org.apache.spark.scheduler.ResultTask.runTask(ResultTask.scala:93)
	at org.apache.spark.TaskContext.runTaskWithListeners(TaskContext.scala:161)
	at org.apache.spark.scheduler.Task.run(Task.scala:141)
	at org.apache.spark.executor.Executor$TaskRunner.$anonfun$run$4(Executor.scala:620)
	at org.apache.spark.util.SparkErrorUtils.tryWithSafeFinally(SparkErrorUtils.scala:64)
	at org.apache.spark.util.SparkErrorUtils.tryWithSafeFinally$(SparkErrorUtils.scala:61)
	at org.apache.spark.util.Utils$.tryWithSafeFinally(Utils.scala:94)
	at org.apache.spark.executor.Executor$TaskRunner.run(Executor.scala:623)
	at java.base/java.util.concurrent.ThreadPoolExecutor.runWorker(ThreadPoolExecutor.java:1128)
	at java.base/java.util.concurrent.ThreadPoolExecutor$Worker.run(ThreadPoolExecutor.java:628)
	at java.base/java.lang.Thread.run(Thread.java:829)
Caused by: org.apache.spark.SparkException: [CANNOT_READ_FILE_FOOTER] Could not read footer for file: file:/home/cloud/ecommerce_seller_recommendation/silver/seller_catalog_hudi/.hoodie/20260727234912619.commit.requested. Please ensure that the file is in either ORC or Parquet format. If not, please convert it to a valid format. If the file is in the valid format, please check if it is corrupt. If it is, you can choose to either ignore it or fix the corruption.
	at org.apache.spark.sql.errors.QueryExecutionErrors$.cannotReadFooterForFileError(QueryExecutionErrors.scala:1056)
	at org.apache.spark.sql.execution.datasources.parquet.ParquetFileFormat$.$anonfun$readParquetFootersInParallel$1(ParquetFileFormat.scala:456)
	at org.apache.spark.util.ThreadUtils$.$anonfun$parmap$2(ThreadUtils.scala:380)
	at scala.concurrent.Future$.$anonfun$apply$1(Future.scala:659)
	at scala.util.Success.$anonfun$map$1(Try.scala:255)
	at scala.util.Success.map(Try.scala:213)
	at scala.concurrent.Future.$anonfun$map$1(Future.scala:292)
	at scala.concurrent.impl.Promise.liftedTree1$1(Promise.scala:33)
	at scala.concurrent.impl.Promise.$anonfun$transform$1(Promise.scala:33)
	at scala.concurrent.impl.CallbackRunnable.run(Promise.scala:64)
	at java.base/java.util.concurrent.ForkJoinTask$RunnableExecuteAction.exec(ForkJoinTask.java:1426)
	at java.base/java.util.concurrent.ForkJoinTask.doExec(ForkJoinTask.java:290)
	at java.base/java.util.concurrent.ForkJoinPool$WorkQueue.topLevelExec(ForkJoinPool.java:1020)
	at java.base/java.util.concurrent.ForkJoinPool.scan(ForkJoinPool.java:1656)
	at java.base/java.util.concurrent.ForkJoinPool.runWorker(ForkJoinPool.java:1594)
	at java.base/java.util.concurrent.ForkJoinWorkerThread.run(ForkJoinWorkerThread.java:183)
Caused by: java.lang.RuntimeException: file:/home/cloud/ecommerce_seller_recommendation/silver/seller_catalog_hudi/.hoodie/20260727234912619.commit.requested is not a Parquet file (length is too low: 0)
	at org.apache.parquet.hadoop.ParquetFileReader.readFooter(ParquetFileReader.java:548)
	at org.apache.parquet.hadoop.ParquetFileReader.<init>(ParquetFileReader.java:799)
	at org.apache.parquet.hadoop.ParquetFileReader.open(ParquetFileReader.java:666)
	at org.apache.spark.sql.execution.datasources.parquet.ParquetFooterReader.readFooter(ParquetFooterReader.java:85)
	at org.apache.spark.sql.execution.datasources.parquet.ParquetFooterReader.readFooter(ParquetFooterReader.java:76)
	at org.apache.spark.sql.execution.datasources.parquet.ParquetFileFormat$.$anonfun$readParquetFootersInParallel$1(ParquetFileFormat.scala:450)
	... 14 more

Driver stacktrace:
	at org.apache.spark.scheduler.DAGScheduler.failJobAndIndependentStages(DAGScheduler.scala:2844)
	at org.apache.spark.scheduler.DAGScheduler.$anonfun$abortStage$2(DAGScheduler.scala:2780)
	at org.apache.spark.scheduler.DAGScheduler.$anonfun$abortStage$2$adapted(DAGScheduler.scala:2779)
	at scala.collection.mutable.ResizableArray.foreach(ResizableArray.scala:62)
	at scala.collection.mutable.ResizableArray.foreach$(ResizableArray.scala:55)
	at scala.collection.mutable.ArrayBuffer.foreach(ArrayBuffer.scala:49)
	at org.apache.spark.scheduler.DAGScheduler.abortStage(DAGScheduler.scala:2779)
	at org.apache.spark.scheduler.DAGScheduler.$anonfun$handleTaskSetFailed$1(DAGScheduler.scala:1242)
	at org.apache.spark.scheduler.DAGScheduler.$anonfun$handleTaskSetFailed$1$adapted(DAGScheduler.scala:1242)
	at scala.Option.foreach(Option.scala:407)
	at org.apache.spark.scheduler.DAGScheduler.handleTaskSetFailed(DAGScheduler.scala:1242)
	at org.apache.spark.scheduler.DAGSchedulerEventProcessLoop.doOnReceive(DAGScheduler.scala:3048)
	at org.apache.spark.scheduler.DAGSchedulerEventProcessLoop.onReceive(DAGScheduler.scala:2982)
	at org.apache.spark.scheduler.DAGSchedulerEventProcessLoop.onReceive(DAGScheduler.scala:2971)
	at org.apache.spark.util.EventLoop$$anon$1.run(EventLoop.scala:49)
	at org.apache.spark.scheduler.DAGScheduler.runJob(DAGScheduler.scala:984)
	at org.apache.spark.SparkContext.runJob(SparkContext.scala:2398)
	at org.apache.spark.SparkContext.runJob(SparkContext.scala:2419)
	at org.apache.spark.SparkContext.runJob(SparkContext.scala:2438)
	at org.apache.spark.SparkContext.runJob(SparkContext.scala:2463)
	at org.apache.spark.rdd.RDD.$anonfun$collect$1(RDD.scala:1046)
	at org.apache.spark.rdd.RDDOperationScope$.withScope(RDDOperationScope.scala:151)
	at org.apache.spark.rdd.RDDOperationScope$.withScope(RDDOperationScope.scala:112)
	at org.apache.spark.rdd.RDD.withScope(RDD.scala:407)
	at org.apache.spark.rdd.RDD.collect(RDD.scala:1045)
	at org.apache.spark.sql.execution.datasources.SchemaMergeUtils$.mergeSchemasInParallel(SchemaMergeUtils.scala:73)
	at org.apache.spark.sql.execution.datasources.parquet.ParquetFileFormat$.mergeSchemasInParallel(ParquetFileFormat.scala:497)
	at org.apache.spark.sql.execution.datasources.parquet.ParquetUtils$.inferSchema(ParquetUtils.scala:132)
	at org.apache.spark.sql.execution.datasources.parquet.ParquetFileFormat.inferSchema(ParquetFileFormat.scala:79)
	at org.apache.spark.sql.execution.datasources.DataSource.$anonfun$getOrInferFileFormatSchema$11(DataSource.scala:208)
	at scala.Option.orElse(Option.scala:447)
	at org.apache.spark.sql.execution.datasources.DataSource.getOrInferFileFormatSchema(DataSource.scala:205)
	at org.apache.spark.sql.execution.datasources.DataSource.resolveRelation(DataSource.scala:407)
	at org.apache.spark.sql.DataFrameReader.loadV1Source(DataFrameReader.scala:229)
	at org.apache.spark.sql.DataFrameReader.$anonfun$load$2(DataFrameReader.scala:211)
	at scala.Option.getOrElse(Option.scala:189)
	at org.apache.spark.sql.DataFrameReader.load(DataFrameReader.scala:211)
	at org.apache.spark.sql.DataFrameReader.load(DataFrameReader.scala:186)
	at java.base/jdk.internal.reflect.NativeMethodAccessorImpl.invoke0(Native Method)
	at java.base/jdk.internal.reflect.NativeMethodAccessorImpl.invoke(NativeMethodAccessorImpl.java:62)
	at java.base/jdk.internal.reflect.DelegatingMethodAccessorImpl.invoke(DelegatingMethodAccessorImpl.java:43)
	at java.base/java.lang.reflect.Method.invoke(Method.java:566)
	at py4j.reflection.MethodInvoker.invoke(MethodInvoker.java:244)
	at py4j.reflection.ReflectionEngine.invoke(ReflectionEngine.java:374)
	at py4j.Gateway.invoke(Gateway.java:282)
	at py4j.commands.AbstractCommand.invokeMethod(AbstractCommand.java:132)
	at py4j.commands.CallCommand.execute(CallCommand.java:79)
	at py4j.ClientServerConnection.waitForCommands(ClientServerConnection.java:182)
	at py4j.ClientServerConnection.run(ClientServerConnection.java:106)
	at java.base/java.lang.Thread.run(Thread.java:829)
Caused by: org.apache.spark.SparkException: Exception thrown in awaitResult: 
	at org.apache.spark.util.SparkThreadUtils$.awaitResult(SparkThreadUtils.scala:56)
	at org.apache.spark.util.ThreadUtils$.awaitResult(ThreadUtils.scala:310)
	at org.apache.spark.util.ThreadUtils$.parmap(ThreadUtils.scala:383)
	at org.apache.spark.sql.execution.datasources.parquet.ParquetFileFormat$.readParquetFootersInParallel(ParquetFileFormat.scala:443)
	at org.apache.spark.sql.execution.datasources.parquet.ParquetFileFormat$.$anonfun$mergeSchemasInParallel$1(ParquetFileFormat.scala:493)
	at org.apache.spark.sql.execution.datasources.parquet.ParquetFileFormat$.$anonfun$mergeSchemasInParallel$1$adapted(ParquetFileFormat.scala:485)
	at org.apache.spark.sql.execution.datasources.SchemaMergeUtils$.$anonfun$mergeSchemasInParallel$2(SchemaMergeUtils.scala:79)
	at org.apache.spark.rdd.RDD.$anonfun$mapPartitions$2(RDD.scala:855)
	at org.apache.spark.rdd.RDD.$anonfun$mapPartitions$2$adapted(RDD.scala:855)
	at org.apache.spark.rdd.MapPartitionsRDD.compute(MapPartitionsRDD.scala:52)
	at org.apache.spark.rdd.RDD.computeOrReadCheckpoint(RDD.scala:364)
	at org.apache.spark.rdd.RDD.iterator(RDD.scala:328)
	at org.apache.spark.scheduler.ResultTask.runTask(ResultTask.scala:93)
	at org.apache.spark.TaskContext.runTaskWithListeners(TaskContext.scala:161)
	at org.apache.spark.scheduler.Task.run(Task.scala:141)
	at org.apache.spark.executor.Executor$TaskRunner.$anonfun$run$4(Executor.scala:620)
	at org.apache.spark.util.SparkErrorUtils.tryWithSafeFinally(SparkErrorUtils.scala:64)
	at org.apache.spark.util.SparkErrorUtils.tryWithSafeFinally$(SparkErrorUtils.scala:61)
	at org.apache.spark.util.Utils$.tryWithSafeFinally(Utils.scala:94)
	at org.apache.spark.executor.Executor$TaskRunner.run(Executor.scala:623)
	at java.base/java.util.concurrent.ThreadPoolExecutor.runWorker(ThreadPoolExecutor.java:1128)
	at java.base/java.util.concurrent.ThreadPoolExecutor$Worker.run(ThreadPoolExecutor.java:628)
	... 1 more
Caused by: org.apache.spark.SparkException: [CANNOT_READ_FILE_FOOTER] Could not read footer for file: file:/home/cloud/ecommerce_seller_recommendation/silver/seller_catalog_hudi/.hoodie/20260727234912619.commit.requested. Please ensure that the file is in either ORC or Parquet format. If not, please convert it to a valid format. If the file is in the valid format, please check if it is corrupt. If it is, you can choose to either ignore it or fix the corruption.
	at org.apache.spark.sql.errors.QueryExecutionErrors$.cannotReadFooterForFileError(QueryExecutionErrors.scala:1056)
	at org.apache.spark.sql.execution.datasources.parquet.ParquetFileFormat$.$anonfun$readParquetFootersInParallel$1(ParquetFileFormat.scala:456)
	at org.apache.spark.util.ThreadUtils$.$anonfun$parmap$2(ThreadUtils.scala:380)
	at scala.concurrent.Future$.$anonfun$apply$1(Future.scala:659)
	at scala.util.Success.$anonfun$map$1(Try.scala:255)
	at scala.util.Success.map(Try.scala:213)
	at scala.concurrent.Future.$anonfun$map$1(Future.scala:292)
	at scala.concurrent.impl.Promise.liftedTree1$1(Promise.scala:33)
	at scala.concurrent.impl.Promise.$anonfun$transform$1(Promise.scala:33)
	at scala.concurrent.impl.CallbackRunnable.run(Promise.scala:64)
	at java.base/java.util.concurrent.ForkJoinTask$RunnableExecuteAction.exec(ForkJoinTask.java:1426)
	at java.base/java.util.concurrent.ForkJoinTask.doExec(ForkJoinTask.java:290)
	at java.base/java.util.concurrent.ForkJoinPool$WorkQueue.topLevelExec(ForkJoinPool.java:1020)
	at java.base/java.util.concurrent.ForkJoinPool.scan(ForkJoinPool.java:1656)
	at java.base/java.util.concurrent.ForkJoinPool.runWorker(ForkJoinPool.java:1594)
	at java.base/java.util.concurrent.ForkJoinWorkerThread.run(ForkJoinWorkerThread.java:183)
Caused by: java.lang.RuntimeException: file:/home/cloud/ecommerce_seller_recommendation/silver/seller_catalog_hudi/.hoodie/20260727234912619.commit.requested is not a Parquet file (length is too low: 0)
	at org.apache.parquet.hadoop.ParquetFileReader.readFooter(ParquetFileReader.java:548)
	at org.apache.parquet.hadoop.ParquetFileReader.<init>(ParquetFileReader.java:799)
	at org.apache.parquet.hadoop.ParquetFileReader.open(ParquetFileReader.java:666)
	at org.apache.spark.sql.execution.datasources.parquet.ParquetFooterReader.readFooter(ParquetFooterReader.java:85)
	at org.apache.spark.sql.execution.datasources.parquet.ParquetFooterReader.readFooter(ParquetFooterReader.java:76)
	at org.apache.spark.sql.execution.datasources.parquet.ParquetFileFormat$.$anonfun$readParquetFootersInParallel$1(ParquetFileFormat.scala:450)
	... 14 more

2026-07-28 09:49:37,882 - INFO - [GoldRecommendationEngine] - Initializing high-availability Spark context...
2026-07-28 09:49:45,207 - INFO - [GoldRecommendationEngine] - Extracting transactional parquet data files while blocking out hidden metadata paths...
2026-07-28 09:55:34,107 - INFO - [GoldRecommendationEngine] - Initializing high-availability Spark context...
2026-07-28 09:55:43,004 - INFO - [GoldRecommendationEngine] - Extracting transactional parquet data files while blocking out hidden metadata paths...
2026-07-28 09:57:42,773 - INFO - [GoldRecommendationEngine] - Initializing high-availability Spark context...
2026-07-28 09:57:51,412 - INFO - [GoldRecommendationEngine] - Extracting transactional parquet data files while blocking out hidden metadata paths...
2026-07-28 09:58:34,809 - INFO - [GoldRecommendationEngine] - Target saving directory location: /home/cloud/ecommerce_seller_recommendation/gold/recommendations_csv/seller_recommend_data.csv
2026-07-28 09:58:34,810 - INFO - [GoldRecommendationEngine] - Forcing direct physical write out to filesystem path...
2026-07-28 09:59:00,787 - INFO - [GoldRecommendationEngine] - Success! Recommendation CSV has been generated and saved to disk.
